[周日 2026/03/08 23:00:01.21] === 开始每日上传 (260308) === 
[main 5b9d2b0] 每日上传 260308 - 林喜
 1 file changed, 1 insertion(+)
 create mode 100644 .longmen/auto_push.log
To https://github.com/linxi2916/longmen-ta-linxi.git
   eaf11ad..5b9d2b0  main -> main
[周日 2026/03/08 23:00:06.59] 上传成功 
[周一 2026/03/09 23:00:02.17] === 开始每日上传 (260309) === 
warning: in the working copy of '.longmen/auto_push.log', LF will be replaced by CRLF the next time Git touches it
[main e6a1ca4] 每日上传 260309 - 林喜
 1 file changed, 7 insertions(+)
To https://github.com/linxi2916/longmen-ta-linxi.git
   5b9d2b0..e6a1ca4  main -> main
[周一 2026/03/09 23:00:10.40] 上传成功 
[周二 2026/03/10 23:03:49.78] === 开始每日上传 (260310) === 
warning: in the working copy of '.longmen/auto_push.log', LF will be replaced by CRLF the next time Git touches it
[main 585aaa8] 每日上传 260310 - 林喜
 1 file changed, 7 insertions(+)
To https://github.com/linxi2916/longmen-ta-linxi.git
   e6a1ca4..585aaa8  main -> main
[周二 2026/03/10 23:03:58.52] 上传成功 
[周三 2026/03/11 23:00:02.55] === 开始每日上传 (260311) === 
warning: in the working copy of '.longmen/auto_push.log', LF will be replaced by CRLF the next time Git touches it
[main 1c510eb] 每日上传 260311 - 林喜
 1 file changed, 7 insertions(+)
To https://github.com/linxi2916/longmen-ta-linxi.git
   585aaa8..1c510eb  main -> main
[周三 2026/03/11 23:00:08.89] 上传成功 
[周四 2026/03/12 23:00:02.57] === 开始每日上传 (260312) === 
warning: in the working copy of '.longmen/auto_push.log', LF will be replaced by CRLF the next time Git touches it
[main ec7d6d9] 每日上传 260312 - 林喜
 1 file changed, 7 insertions(+)
To https://github.com/linxi2916/longmen-ta-linxi.git
   1c510eb..ec7d6d9  main -> main
[周四 2026/03/12 23:00:08.93] 上传成功 
[周六 2026/03/14 23:00:01.68] === 开始每日上传 (260314) === 
warning: in the working copy of '.longmen/auto_push.log', LF will be replaced by CRLF the next time Git touches it
[main 39abf8d] 每日上传 260314 - 林喜
 1 file changed, 7 insertions(+)
To https://github.com/linxi2916/longmen-ta-linxi.git
   ec7d6d9..39abf8d  main -> main
[周六 2026/03/14 23:00:06.02] 上传成功 
[周二 2026/04/14 23:00:00.98] === 开始每日上传 (260414) === 
warning: in the working copy of '.longmen/auto_push.log', LF will be replaced by CRLF the next time Git touches it
[main c44bc72] 每日上传 260414 - 林喜
 1 file changed, 7 insertions(+)
To https://github.com/linxi2916/longmen-ta-linxi.git
   39abf8d..c44bc72  main -> main
[周二 2026/04/14 23:00:07.73] 上传成功 
[周三 2026/04/15 23:00:01.68] === 开始每日上传 (260415) === 
warning: in the working copy of '.longmen/auto_push.log', LF will be replaced by CRLF the next time Git touches it
[main 5909522] 每日上传 260415 - 林喜
 1 file changed, 7 insertions(+)
To https://github.com/linxi2916/longmen-ta-linxi.git
   c44bc72..5909522  main -> main
[周三 2026/04/15 23:00:08.17] 上传成功 
[周六 2026/04/18 23:00:01.95] === 开始每日上传 (260418) === 
warning: in the working copy of '.longmen/auto_push.log', LF will be replaced by CRLF the next time Git touches it
[main 54695d0] 每日上传 260418 - 林喜
 1 file changed, 7 insertions(+)
To https://github.com/linxi2916/longmen-ta-linxi.git
   5909522..54695d0  main -> main
[周六 2026/04/18 23:00:06.34] 上传成功 
[周日 2026/04/19 23:00:01.97] === 开始每日上传 (260419) === 
warning: in the working copy of '.longmen/auto_push.log', LF will be replaced by CRLF the next time Git touches it
[main 9d478e8] 每日上传 260419 - 林喜
 1 file changed, 7 insertions(+)
To https://github.com/linxi2916/longmen-ta-linxi.git
   54695d0..9d478e8  main -> main
[周日 2026/04/19 23:00:07.68] 上传成功 
[周一 2026/04/20 23:00:01.52] === 开始每日上传 (260420) === 
warning: in the working copy of '.longmen/auto_push.log', LF will be replaced by CRLF the next time Git touches it
[main 7cecb16] 每日上传 260420 - 林喜
 1 file changed, 7 insertions(+)
To https://github.com/linxi2916/longmen-ta-linxi.git
   9d478e8..7cecb16  main -> main
[周一 2026/04/20 23:00:06.70] 上传成功 
[周二 2026/04/21 23:00:01.57] === 开始每日上传 (260421) === 
warning: in the working copy of '.longmen/auto_push.log', LF will be replaced by CRLF the next time Git touches it
[main dd20baf] 每日上传 260421 - 林喜
 1 file changed, 7 insertions(+)
To https://github.com/linxi2916/longmen-ta-linxi.git
   7cecb16..dd20baf  main -> main
[周二 2026/04/21 23:00:07.54] 上传成功 
[周三 2026/04/22 23:00:01.91] === 开始每日上传 (260422) === 
warning: in the working copy of '.longmen/auto_push.log', LF will be replaced by CRLF the next time Git touches it
[main ae23393] 每日上传 260422 - 林喜
 1 file changed, 7 insertions(+)
To https://github.com/linxi2916/longmen-ta-linxi.git
   dd20baf..ae23393  main -> main
[周三 2026/04/22 23:00:07.33] 上传成功 
[周四 2026/04/23 23:00:02.16] === 开始每日上传 (260423) === 
warning: in the working copy of '.longmen/auto_push.log', LF will be replaced by CRLF the next time Git touches it
[main b7c7f6b] 每日上传 260423 - 林喜
 1 file changed, 7 insertions(+)
To https://github.com/linxi2916/longmen-ta-linxi.git
   ae23393..b7c7f6b  main -> main
[周四 2026/04/23 23:00:06.78] 上传成功 
[周五 2026/04/24 23:00:02.21] === 开始每日上传 (260424) === 
warning: in the working copy of '.longmen/auto_push.log', LF will be replaced by CRLF the next time Git touches it
[main 6d18088] 每日上传 260424 - 林喜
 1 file changed, 7 insertions(+)
To https://github.com/linxi2916/longmen-ta-linxi.git
   b7c7f6b..6d18088  main -> main
[周五 2026/04/24 23:00:09.14] 上传成功 
[周日 2026/04/26 23:00:02.33] === 开始每日上传 (260426) === 
warning: in the working copy of '.longmen/auto_push.log', LF will be replaced by CRLF the next time Git touches it
[main fc22815] 每日上传 260426 - 林喜
 1 file changed, 7 insertions(+)
fatal: unable to access 'https://github.com/linxi2916/longmen-ta-linxi.git/': schannel: failed to receive handshake, SSL/TLS connection failed
[周日 2026/04/26 23:00:03.90] 上传失败，请检查网络连接或联系管理员 
[周二 2026/04/28 23:00:02.22] === 开始每日上传 (260428) === 
warning: in the working copy of '.longmen/auto_push.log', LF will be replaced by CRLF the next time Git touches it
[main c8ef625] 每日上传 260428 - 林喜
 1 file changed, 6 insertions(+)
error: failed to push some refs to 'https://github.com/linxi2916/longmen-ta-linxi.git'
^C[周三 2026/04/29 23:00:02.00] === 开始每日上传 (260429) === 
warning: in the working copy of '.longmen/auto_push.log', LF will be replaced by CRLF the next time Git touches it
[main 1b14c8f] 每日上传 260429 - 林喜
 1 file changed, 5 insertions(+)
To https://github.com/linxi2916/longmen-ta-linxi.git
   c8ef625..1b14c8f  main -> main
[周三 2026/04/29 23:00:08.33] 上传成功 
[周四 2026/04/30 23:00:02.35] === 开始每日上传 (260430) === 
warning: in the working copy of '.longmen/auto_push.log', LF will be replaced by CRLF the next time Git touches it
[main e27a6c5] 每日上传 260430 - 林喜
 1 file changed, 7 insertions(+)
To https://github.com/linxi2916/longmen-ta-linxi.git
   1b14c8f..e27a6c5  main -> main
[周四 2026/04/30 23:00:05.77] 上传成功 
[周五 2026/05/01 23:00:02.36] === 开始每日上传 (260501) === 
warning: in the working copy of '.longmen/auto_push.log', LF will be replaced by CRLF the next time Git touches it
[main 9bf81c3] 每日上传 260501 - 林喜
 1 file changed, 7 insertions(+)
To https://github.com/linxi2916/longmen-ta-linxi.git
   e27a6c5..9bf81c3  main -> main
[周五 2026/05/01 23:00:07.97] 上传成功 
[周六 2026/05/02 23:00:01.82] === 开始每日上传 (260502) === 
warning: in the working copy of '.longmen/auto_push.log', LF will be replaced by CRLF the next time Git touches it
[main 077b288] 每日上传 260502 - 林喜
 1 file changed, 7 insertions(+)
To https://github.com/linxi2916/longmen-ta-linxi.git
   9bf81c3..077b288  main -> main
[周六 2026/05/02 23:00:08.51] 上传成功 
[周日 2026/05/03 23:00:01.40] === 开始每日上传 (260503) === 
warning: in the working copy of '.longmen/auto_push.log', LF will be replaced by CRLF the next time Git touches it
[main e4aa292] 每日上传 260503 - 林喜
 1 file changed, 7 insertions(+)
To https://github.com/linxi2916/longmen-ta-linxi.git
   077b288..e4aa292  main -> main
[周日 2026/05/03 23:00:06.54] 上传成功 
[周一 2026/05/04 23:00:02.26] === 开始每日上传 (260504) === 
warning: in the working copy of '.longmen/auto_push.log', LF will be replaced by CRLF the next time Git touches it
[main 9928237] 每日上传 260504 - 林喜
 1 file changed, 7 insertions(+)
fatal: unable to access 'https://github.com/linxi2916/longmen-ta-linxi.git/': Connection timed out after 300014 milliseconds
[周一 2026/05/04 23:05:03.61] 上传失败，请检查网络连接或联系管理员 
[周二 2026/05/05 23:00:02.37] === 开始每日上传 (260505) === 
warning: in the working copy of '.longmen/auto_push.log', LF will be replaced by CRLF the next time Git touches it
[main 427aaac] 每日上传 260505 - 林喜
 1 file changed, 6 insertions(+)
To https://github.com/linxi2916/longmen-ta-linxi.git
   e4aa292..427aaac  main -> main
[周二 2026/05/05 23:00:07.29] 上传成功 
[周三 2026/05/06 23:00:02.12] === 开始每日上传 (260506) === 
warning: in the working copy of '.longmen/auto_push.log', LF will be replaced by CRLF the next time Git touches it
[main 3ecbe10] 每日上传 260506 - 林喜
 1 file changed, 7 insertions(+)
To https://github.com/linxi2916/longmen-ta-linxi.git
   427aaac..3ecbe10  main -> main
[周三 2026/05/06 23:00:07.03] 上传成功 
[周四 2026/05/07 23:00:02.13] === 开始每日上传 (260507) === 
warning: in the working copy of '.longmen/auto_push.log', LF will be replaced by CRLF the next time Git touches it
[main 3ae1071] 每日上传 260507 - 林喜
 1 file changed, 7 insertions(+)
To https://github.com/linxi2916/longmen-ta-linxi.git
   3ecbe10..3ae1071  main -> main
[周四 2026/05/07 23:00:09.04] 上传成功 
[周五 2026/05/08 23:00:03.11] === 开始每日上传 (260508) === 
warning: in the working copy of '.longmen/auto_push.log', LF will be replaced by CRLF the next time Git touches it
[main c70556a] 每日上传 260508 - 林喜
 1 file changed, 7 insertions(+)
To https://github.com/linxi2916/longmen-ta-linxi.git
   3ae1071..c70556a  main -> main
[周五 2026/05/08 23:00:11.38] 上传成功 
[周日 2026/05/10 10:16:45.23] === 开始每日上传 (260510) === 
warning: in the working copy of '.longmen/auto_push.log', LF will be replaced by CRLF the next time Git touches it
[main 8e6d755] 每日上传 260510 - 林喜
 1 file changed, 7 insertions(+)
To https://github.com/linxi2916/longmen-ta-linxi.git
   c70556a..8e6d755  main -> main
[周日 2026/05/10 10:16:52.58] 上传成功 
[周日 2026/05/10 23:00:01.97] === 开始每日上传 (260510) === 
warning: in the working copy of '.longmen/auto_push.log', LF will be replaced by CRLF the next time Git touches it
[main 7bcf188] 每日上传 260510 - 林喜
 1 file changed, 7 insertions(+)
To https://github.com/linxi2916/longmen-ta-linxi.git
   8e6d755..7bcf188  main -> main
[周日 2026/05/10 23:00:07.88] 上传成功 
[周二 2026/05/12 23:00:01.93] === 开始每日上传 (260512) === 
warning: in the working copy of '.longmen/auto_push.log', LF will be replaced by CRLF the next time Git touches it
[main 86ce48e] 每日上传 260512 - 林喜
 1 file changed, 7 insertions(+)
To https://github.com/linxi2916/longmen-ta-linxi.git
   7bcf188..86ce48e  main -> main
[周二 2026/05/12 23:00:08.73] 上传成功 
[周四 2026/05/14 10:00:54.41] === 开始每日上传 (260514) === 
warning: in the working copy of '.longmen/auto_push.log', LF will be replaced by CRLF the next time Git touches it
[main 303fce5] 每日上传 260514 - 林喜
 1 file changed, 7 insertions(+)
To https://github.com/linxi2916/longmen-ta-linxi.git
   86ce48e..303fce5  main -> main
[周四 2026/05/14 10:01:01.44] 上传成功 
[周五 2026/05/15 23:00:02.32] === 开始每日上传 (260515) === 
warning: in the working copy of '.longmen/auto_push.log', LF will be replaced by CRLF the next time Git touches it
[main 8c48ab5] 每日上传 260515 - 林喜
 1 file changed, 7 insertions(+)
To https://github.com/linxi2916/longmen-ta-linxi.git
   303fce5..8c48ab5  main -> main
[周五 2026/05/15 23:00:10.90] 上传成功 
[周六 2026/05/16 23:00:02.28] === 开始每日上传 (260516) === 
warning: in the working copy of '.longmen/auto_push.log', LF will be replaced by CRLF the next time Git touches it
[main 6a1b8ce] 每日上传 260516 - 林喜
 1 file changed, 7 insertions(+)
To https://github.com/linxi2916/longmen-ta-linxi.git
   8c48ab5..6a1b8ce  main -> main
[周六 2026/05/16 23:00:13.18] 上传成功 
[周日 2026/05/17 23:00:02.29] === 开始每日上传 (260517) === 
warning: in the working copy of '.longmen/auto_push.log', LF will be replaced by CRLF the next time Git touches it
[main 6d348b1] 每日上传 260517 - 林喜
 1 file changed, 7 insertions(+)
To https://github.com/linxi2916/longmen-ta-linxi.git
   6a1b8ce..6d348b1  main -> main
[周日 2026/05/17 23:00:11.85] 上传成功 
[周一 2026/05/18 23:00:57.33] === 开始每日上传 (260518) === 
warning: in the working copy of '.longmen/auto_push.log', LF will be replaced by CRLF the next time Git touches it
[main 016ad7f] 每日上传 260518 - 林喜
 1 file changed, 7 insertions(+)
To https://github.com/linxi2916/longmen-ta-linxi.git
   6d348b1..016ad7f  main -> main
[周一 2026/05/18 23:01:10.58] 上传成功 
[周二 2026/05/19 23:00:02.64] === 开始每日上传 (260519) === 
warning: in the working copy of '.longmen/auto_push.log', LF will be replaced by CRLF the next time Git touches it
[main 41c61a7] 每日上传 260519 - 林喜
 1 file changed, 7 insertions(+)
To https://github.com/linxi2916/longmen-ta-linxi.git
   016ad7f..41c61a7  main -> main
[周二 2026/05/19 23:00:10.68] 上传成功 
[周四 2026/05/21 23:00:02.79] === 开始每日上传 (260521) === 
warning: in the working copy of '.longmen/auto_push.log', LF will be replaced by CRLF the next time Git touches it
[main dfe6a5f] 每日上传 260521 - 林喜
 1 file changed, 7 insertions(+)
fatal: unable to access 'https://github.com/linxi2916/longmen-ta-linxi.git/': Failed to connect to github.com port 443 via 127.0.0.1 after 2096 ms: Could not connect to server
[周四 2026/05/21 23:00:06.50] 上传失败，请检查网络连接或联系管理员 
[周六 2026/05/23 23:00:03.08] === 开始每日上传 (260523) === 
warning: in the working copy of '.longmen/auto_push.log', LF will be replaced by CRLF the next time Git touches it
[main 700e095] 每日上传 260523 - 林喜
 1 file changed, 6 insertions(+)
To https://github.com/linxi2916/longmen-ta-linxi.git
   41c61a7..700e095  main -> main
[周六 2026/05/23 23:00:08.82] 上传成功 
[周日 2026/05/24 23:00:02.82] === 开始每日上传 (260524) === 
warning: in the working copy of '.longmen/auto_push.log', LF will be replaced by CRLF the next time Git touches it
[main 26246e0] 每日上传 260524 - 林喜
 1 file changed, 7 insertions(+)
fatal: unable to access 'https://github.com/linxi2916/longmen-ta-linxi.git/': schannel: failed to receive handshake, SSL/TLS connection failed
[周日 2026/05/24 23:00:11.13] 上传失败，请检查网络连接或联系管理员 
[周一 2026/05/25 23:00:02.81] === 开始每日上传 (260525) === 
warning: in the working copy of '.longmen/auto_push.log', LF will be replaced by CRLF the next time Git touches it
[main b5e1fdf] 每日上传 260525 - 林喜
 1 file changed, 6 insertions(+)
To https://github.com/linxi2916/longmen-ta-linxi.git
   700e095..b5e1fdf  main -> main
[周一 2026/05/25 23:00:10.67] 上传成功 
[周二 2026/05/26 23:00:03.63] === 开始每日上传 (260526) === 
warning: in the working copy of '.longmen/auto_push.log', LF will be replaced by CRLF the next time Git touches it
[main ecf62c8] 每日上传 260526 - 林喜
 1 file changed, 7 insertions(+)
To https://github.com/linxi2916/longmen-ta-linxi.git
   b5e1fdf..ecf62c8  main -> main
[周二 2026/05/26 23:00:10.16] 上传成功 
[周三 2026/05/27 23:00:03.05] === 开始每日上传 (260527) === 
warning: in the working copy of '.longmen/auto_push.log', LF will be replaced by CRLF the next time Git touches it
[main 2706afa] 每日上传 260527 - 林喜
 1 file changed, 7 insertions(+)
fatal: unable to access 'https://github.com/linxi2916/longmen-ta-linxi.git/': schannel: failed to receive handshake, SSL/TLS connection failed
[周三 2026/05/27 23:00:10.03] 上传失败，请检查网络连接或联系管理员 
[周四 2026/05/28 23:00:02.96] === 开始每日上传 (260528) === 
warning: in the working copy of '.longmen/auto_push.log', LF will be replaced by CRLF the next time Git touches it
[main 2336258] 每日上传 260528 - 林喜
 1 file changed, 6 insertions(+)
fatal: unable to access 'https://github.com/linxi2916/longmen-ta-linxi.git/': schannel: failed to receive handshake, SSL/TLS connection failed
[周四 2026/05/28 23:00:08.76] 上传失败，请检查网络连接或联系管理员 
[周五 2026/05/29 23:00:03.08] === 开始每日上传 (260529) === 
warning: in the working copy of '.longmen/auto_push.log', LF will be replaced by CRLF the next time Git touches it
[main 693b8e3] 每日上传 260529 - 林喜
 1 file changed, 6 insertions(+)
fatal: unable to access 'https://github.com/linxi2916/longmen-ta-linxi.git/': schannel: failed to receive handshake, SSL/TLS connection failed
[周五 2026/05/29 23:00:10.01] 上传失败，请检查网络连接或联系管理员 
[周六 2026/05/30 23:00:02.43] === 开始每日上传 (260530) === 
warning: in the working copy of '.longmen/auto_push.log', LF will be replaced by CRLF the next time Git touches it
[main 41c3297] 每日上传 260530 - 林喜
 1 file changed, 6 insertions(+)
error: RPC failed; curl 52 schannel: server closed abruptly (missing close_notify)
send-pack: unexpected disconnect while reading sideband packet
fatal: the remote end hung up unexpectedly
Everything up-to-date
[周六 2026/05/30 23:00:30.86] 上传失败，请检查网络连接或联系管理员 
[周日 2026/05/31 23:00:02.46] === 开始每日上传 (260531) === 
